k=  4 n=5  tuples=      256  hits=     40  violations=0  [0.0s]
k=  6 n=5  tuples=     1296  hits=     60  violations=0  [0.0s]
k=  8 n=5  tuples=     4096  hits=     80  violations=0  [0.0s]
k=  9 n=5  tuples=     6561  hits=     90  violations=0  [0.0s]
k= 10 n=5  tuples=    10000  hits=    100  violations=0  [0.0s]
k= 12 n=5  tuples=    20736  hits=    120  violations=0  [0.1s]
k= 14 n=5  tuples=    38416  hits=    140  violations=0  [0.2s]
k= 15 n=5  tuples=    50625  hits=    150  violations=0  [0.5s]
k= 16 n=5  tuples=    65536  hits=    160  violations=0  [0.4s]
k= 18 n=5  tuples=   104976  hits=    180  violations=0  [0.6s]
k= 20 n=5  tuples=   160000  hits=    200  violations=0  [1.4s]
k= 21 n=5  tuples=   194481  hits=    210  violations=0  [3.3s]
k= 22 n=5  tuples=   234256  hits=    220  violations=0  [2.8s]
k= 24 n=5  tuples=   331776  hits=    240  violations=0  [2.9s]
k= 25 n=5  tuples=   390625  hits=    250  violations=0  [12.5s]
k= 26 n=5  tuples=   456976  hits=    260  violations=0  [7.3s]
k= 27 n=5  tuples=   531441  hits=    270  violations=0  [15.1s]
k= 28 n=5  tuples=   614656  hits=    280  violations=0  [12.1s]
k= 30 n=5  tuples=   810000  hits=    300  violations=0  [8.3s]
k=  4 n=6  tuples=     1024  hits=    176  violations=0  [0.0s]
k=  6 n=6  tuples=     7776  hits=    340  violations=0  [0.0s]
k=  8 n=6  tuples=    32768  hits=    538  violations=0  [0.1s]
k=  9 n=6  tuples=    59049  hits=    653  violations=0  [0.3s]
k= 10 n=6  tuples=   100000  hits=    778  violations=0  [0.4s]
k= 12 n=6  tuples=   248832  hits=   1058  violations=0  [0.9s]
k= 14 n=6  tuples=   537824  hits=   1378  violations=0  [3.3s]
k= 15 n=6  tuples=   759375  hits=   1553  violations=0  [7.8s]
k= 16 n=6  tuples=  1048576  hits=   1738  violations=0  [7.7s]
k=  8 n=7  tuples=   262144  hits=   2926  violations=0  [0.9s]
k=  9 n=7  tuples=   531441  hits=   3682  violations=0  [2.8s]
k= 12 n=7  tuples=  2985984  hits=   6454  violations=0  [11.4s]
k= 14 n=7  tuples=  7529536  hits=   8722  violations=0  [47.7s]
k= 16 n=7  tuples= 16777216  hits=  11326  violations=0  [138.4s]
k=  8 n=8  tuples=  2097152  hits=  18345  violations=0  [7.2s]
k=  9 n=8  tuples=  4782969  hits=  24573  violations=0  [27.3s]
TOTAL hits=87590 violations=0
