D range: 21..300, 170 squarefree values
v in 2..8, u in 1..20 (coprime pairs only)
... tested 500, elapsed 381.4s, hits so far 0, errors 8, timeouts 38

Done. tested=1318 laurent_hits=0 errors=22 timeouts=127 time=1201.1s

22 errors (first 10):
  SweepHit(D=22, u=11, v=5, laurent=False, error="ValueError('no HJ period found for QuadraticIrrational(0, 11, 5, D=22) within 600 terms')", elapsed=0.003754138946533203)
  SweepHit(D=22, u=17, v=7, laurent=False, error="ValueError('no HJ period found for QuadraticIrrational(0, 17, 7, D=22) within 600 terms')", elapsed=0.003680706024169922)
  SweepHit(D=26, u=13, v=5, laurent=False, error="ValueError('no HJ period found for QuadraticIrrational(0, 13, 5, D=26) within 600 terms')", elapsed=0.0037190914154052734)
  SweepHit(D=26, u=13, v=7, laurent=False, error="ValueError('no HJ period found for QuadraticIrrational(0, 13, 7, D=26) within 600 terms')", elapsed=0.007161855697631836)
  SweepHit(D=29, u=13, v=5, laurent=False, error="ValueError('no HJ period found for QuadraticIrrational(0, 13, 5, D=29) within 600 terms')", elapsed=0.003912925720214844)
  SweepHit(D=29, u=17, v=5, laurent=False, error="ValueError('no HJ period found for QuadraticIrrational(0, 17, 5, D=29) within 600 terms')", elapsed=0.0040493011474609375)
  SweepHit(D=29, u=13, v=7, laurent=False, error="ValueError('no HJ period found for QuadraticIrrational(0, 13, 7, D=29) within 600 terms')", elapsed=0.0038080215454101562)
  SweepHit(D=29, u=17, v=7, laurent=False, error="ValueError('no HJ period found for QuadraticIrrational(0, 17, 7, D=29) within 600 terms')", elapsed=0.003960132598876953)
  SweepHit(D=37, u=17, v=3, laurent=False, error="ValueError('no HJ period found for QuadraticIrrational(0, 17, 3, D=37) within 600 terms')", elapsed=0.004075050354003906)
  SweepHit(D=37, u=13, v=6, laurent=False, error="ValueError('no HJ period found for QuadraticIrrational(0, 13, 6, D=37) within 600 terms')", elapsed=0.004054069519042969)

127 timeouts (candidates skipped, not evidence either way; first 15):
  SweepHit(D=21, u=7, v=5, laurent=False, error='timeout', elapsed=5.0019800662994385)
  SweepHit(D=21, u=13, v=5, laurent=False, error='timeout', elapsed=5.001863241195679)
  SweepHit(D=21, u=14, v=5, laurent=False, error='timeout', elapsed=5.0046000480651855)
  SweepHit(D=21, u=18, v=5, laurent=False, error='timeout', elapsed=5.0046679973602295)
  SweepHit(D=21, u=19, v=5, laurent=False, error='timeout', elapsed=5.00387716293335)
  SweepHit(D=22, u=16, v=5, laurent=False, error='timeout', elapsed=5.001491069793701)
  SweepHit(D=22, u=17, v=5, laurent=False, error='timeout', elapsed=5.00903582572937)
  SweepHit(D=22, u=11, v=8, laurent=False, error='timeout', elapsed=5.036858797073364)
  SweepHit(D=23, u=17, v=2, laurent=False, error='timeout', elapsed=5.008486747741699)
  SweepHit(D=23, u=17, v=3, laurent=False, error='timeout', elapsed=5.008346796035767)
  SweepHit(D=23, u=19, v=3, laurent=False, error='timeout', elapsed=5.003921985626221)
  SweepHit(D=23, u=17, v=4, laurent=False, error='timeout', elapsed=5.0078840255737305)
  SweepHit(D=23, u=19, v=4, laurent=False, error='timeout', elapsed=5.17198920249939)
  SweepHit(D=23, u=17, v=6, laurent=False, error='timeout', elapsed=5.006403207778931)
  SweepHit(D=23, u=19, v=6, laurent=False, error='timeout', elapsed=5.00818395614624)
