candidates 29568
3000 max ft so far 7
6000 max ft so far 7
9000 max ft so far 8
12000 max ft so far 8
15000 max ft so far 9
18000 max ft so far 10
21000 max ft so far 10
24000 max ft so far 11
27000 max ft so far 11
residual words realized 28512
max ft 11
   {'pre': (6, 12), 'per': (7,), 'c1': 6, 'c2': 12, 'd1': -5, 'd2': 2, 'bmax': 16, 'ft': 11}
   {'pre': (6, 12), 'per': (7, 2), 'c1': 6, 'c2': 12, 'd1': -5, 'd2': 2, 'bmax': 16, 'ft': 11}
   {'pre': (6, 12), 'per': (7, 3), 'c1': 6, 'c2': 12, 'd1': -5, 'd2': 2, 'bmax': 16, 'ft': 11}
   {'pre': (6, 12), 'per': (7, 4), 'c1': 6, 'c2': 12, 'd1': -5, 'd2': 2, 'bmax': 16, 'ft': 11}
   {'pre': (6, 12), 'per': (7, 7), 'c1': 6, 'c2': 12, 'd1': -5, 'd2': 2, 'bmax': 16, 'ft': 11}
   {'pre': (6, 12), 'per': (7, 2, 2), 'c1': 6, 'c2': 12, 'd1': -5, 'd2': 2, 'bmax': 16, 'ft': 11}
   {'pre': (6, 12), 'per': (7, 2, 3), 'c1': 6, 'c2': 12, 'd1': -5, 'd2': 2, 'bmax': 16, 'ft': 11}
   {'pre': (6, 12), 'per': (7, 2, 4), 'c1': 6, 'c2': 12, 'd1': -5, 'd2': 2, 'bmax': 16, 'ft': 11}
   {'pre': (6, 12), 'per': (7, 2, 7), 'c1': 6, 'c2': 12, 'd1': -5, 'd2': 2, 'bmax': 16, 'ft': 11}
   {'pre': (6, 12), 'per': (7, 3, 2), 'c1': 6, 'c2': 12, 'd1': -5, 'd2': 2, 'bmax': 16, 'ft': 11}
   {'pre': (6, 12), 'per': (7, 3, 3), 'c1': 6, 'c2': 12, 'd1': -5, 'd2': 2, 'bmax': 16, 'ft': 11}
   {'pre': (6, 12), 'per': (7, 3, 4), 'c1': 6, 'c2': 12, 'd1': -5, 'd2': 2, 'bmax': 16, 'ft': 11}
   {'pre': (6, 12), 'per': (7, 3, 7), 'c1': 6, 'c2': 12, 'd1': -5, 'd2': 2, 'bmax': 16, 'ft': 11}
   {'pre': (6, 12), 'per': (7, 4, 2), 'c1': 6, 'c2': 12, 'd1': -5, 'd2': 2, 'bmax': 16, 'ft': 11}
   {'pre': (6, 12), 'per': (7, 4, 3), 'c1': 6, 'c2': 12, 'd1': -5, 'd2': 2, 'bmax': 16, 'ft': 11}
   {'pre': (6, 12), 'per': (7, 4, 4), 'c1': 6, 'c2': 12, 'd1': -5, 'd2': 2, 'bmax': 16, 'ft': 11}
   {'pre': (6, 12), 'per': (7, 4, 7), 'c1': 6, 'c2': 12, 'd1': -5, 'd2': 2, 'bmax': 16, 'ft': 11}
   {'pre': (6, 12), 'per': (7, 7, 2), 'c1': 6, 'c2': 12, 'd1': -5, 'd2': 2, 'bmax': 16, 'ft': 11}
   {'pre': (6, 12), 'per': (7, 7, 3), 'c1': 6, 'c2': 12, 'd1': -5, 'd2': 2, 'bmax': 16, 'ft': 11}
   {'pre': (6, 12), 'per': (7, 7, 4), 'c1': 6, 'c2': 12, 'd1': -5, 'd2': 2, 'bmax': 16, 'ft': 11}
