scanned 22446
dangerous exceedances d > max(B,6): 1528 (6.8%)
worst gap d-B: (10, (5, Fraction(-7, 5), Fraction(-6, 7), 4, 14, [-3, 4, 2, 2, 2, 2], [4, 2, 2, 8, 2, 2]))
points with no tail below degree 16: 1876
   D=2 x=-8+7/5sqrt2  B=42 d=42 topcert=100  ok
   D=2 x=-7+7/5sqrt2  B=43 d=43 topcert=100  ok
   D=2 x=-6+7/2sqrt2  B=17 d=17 topcert=100  ok
   D=2 x=-6+7/5sqrt2  B=44 d=44 topcert=100  ok
   D=2 x=-6+5/7sqrt2  B=102 d=93 topcert=100  ok
   D=2 x=-5+7/2sqrt2  B=18 d=18 topcert=100  ok
   D=2 x=-5+7/5sqrt2  B=45 d=45 topcert=100  ok
   D=2 x=-5+-5/7sqrt2  B=91 d=91 topcert=100  ok
   D=2 x=-5+5/7sqrt2  B=101 d=94 topcert=100  ok
   D=2 x=-4+7/2sqrt2  B=19 d=18 topcert=100  ok
   D=2 x=-4+7/5sqrt2  B=46 d=46 topcert=100  ok
   D=2 x=-4+-5/7sqrt2  B=92 d=92 topcert=100  ok
   D=2 x=-4+5/7sqrt2  B=100 d=95 topcert=100  ok
   D=2 x=-3+-7/5sqrt2  B=53 d=44 topcert=100  ok
   D=2 x=-3+7/5sqrt2  B=47 d=47 topcert=100  ok
   D=2 x=-3+-5/7sqrt2  B=93 d=93 topcert=100  ok
   D=2 x=-3+5/7sqrt2  B=99 d=96 topcert=100  ok
   D=2 x=-2+-7/5sqrt2  B=52 d=45 topcert=100  ok
   D=2 x=-2+7/5sqrt2  B=48 d=48 topcert=101  ok
   D=2 x=-2+-5/7sqrt2  B=94 d=94 topcert=102  ok
   D=2 x=-2+5/7sqrt2  B=98 d=97 topcert=100  ok
   D=2 x=-1+-7/5sqrt2  B=51 d=46 topcert=101  ok
   D=2 x=-1+7/5sqrt2  B=49 d=48 topcert=100  ok
   D=2 x=-1+-5/7sqrt2  B=95 d=95 topcert=101  ok
   D=2 x=-1+5/7sqrt2  B=97 d=97 topcert=100  ok
   D=2 x=0+-4sqrt2  B=7 d=None topcert=100  finite?
   D=2 x=0+-3sqrt2  B=5 d=None topcert=100  finite?
   D=2 x=0+-2sqrt2  B=7 d=None topcert=100  finite?
   D=2 x=0+-1sqrt2  B=2 d=None topcert=100  finite?
   D=2 x=0+1sqrt2  B=2 d=None topcert=100  finite?
   D=2 x=0+2sqrt2  B=7 d=None topcert=100  finite?
   D=2 x=0+3sqrt2  B=5 d=None topcert=100  finite?
   D=2 x=0+4sqrt2  B=7 d=None topcert=100  finite?
   D=2 x=0+-7/5sqrt2  B=50 d=47 topcert=100  ok
   D=2 x=0+7/5sqrt2  B=50 d=47 topcert=100  ok
   D=2 x=0+-5/7sqrt2  B=96 d=96 topcert=100  ok
   D=2 x=0+5/7sqrt2  B=96 d=96 topcert=100  ok
   D=2 x=1+-7/5sqrt2  B=49 d=48 topcert=100  ok
   D=2 x=1+7/5sqrt2  B=51 d=46 topcert=101  ok
   D=2 x=1+-5/7sqrt2  B=97 d=97 topcert=100  ok
   D=2 x=1+5/7sqrt2  B=95 d=95 topcert=101  ok
   D=2 x=2+-7/5sqrt2  B=48 d=48 topcert=101  ok
   D=2 x=2+7/5sqrt2  B=52 d=45 topcert=100  ok
   D=2 x=2+-5/7sqrt2  B=98 d=97 topcert=100  ok
   D=2 x=2+5/7sqrt2  B=94 d=94 topcert=102  ok
   D=2 x=3+-7/5sqrt2  B=47 d=47 topcert=100  ok
   D=2 x=3+7/5sqrt2  B=53 d=44 topcert=100  ok
   D=2 x=3+-5/7sqrt2  B=99 d=96 topcert=100  ok
   D=2 x=3+5/7sqrt2  B=93 d=93 topcert=100  ok
   D=2 x=4+-7/2sqrt2  B=19 d=18 topcert=100  ok
   D=2 x=4+-7/5sqrt2  B=46 d=46 topcert=100  ok
   D=2 x=4+-5/7sqrt2  B=100 d=95 topcert=100  ok
   D=2 x=4+5/7sqrt2  B=92 d=92 topcert=100  ok
   D=2 x=5+-7/2sqrt2  B=18 d=18 topcert=100  ok
   D=2 x=5+-7/5sqrt2  B=45 d=45 topcert=100  ok
   D=2 x=5+-5/7sqrt2  B=101 d=94 topcert=100  ok
   D=2 x=5+5/7sqrt2  B=91 d=91 topcert=100  ok
   D=2 x=6+-7/2sqrt2  B=17 d=17 topcert=100  ok
   D=2 x=6+-7/5sqrt2  B=44 d=44 topcert=100  ok
   D=2 x=6+-5/7sqrt2  B=102 d=93 topcert=100  ok
   D=2 x=7+-7/5sqrt2  B=43 d=43 topcert=100  ok
   D=2 x=8+-7/5sqrt2  B=42 d=42 topcert=100  ok
   D=2 x=-7/2+6sqrt2  B=71 d=62 topcert=100  ok
   D=2 x=-7/2+5/2sqrt2  B=27 d=27 topcert=100  ok
   D=2 x=-7/2+-1/3sqrt2  B=37 d=30 topcert=100  ok
   D=2 x=-7/2+1/3sqrt2  B=30 d=30 topcert=100  ok
   D=2 x=-7/2+7/4sqrt2  B=37 d=37 topcert=100  ok
   D=2 x=-7/2+-3/8sqrt2  B=27 d=27 topcert=100  ok
   D=2 x=-7/2+3/8sqrt2  B=34 d=29 topcert=100  ok
   D=2 x=-5/2+-5/2sqrt2  B=21 d=21 topcert=100  ok
   D=2 x=-5/2+5/2sqrt2  B=26 d=26 topcert=100  ok
   D=2 x=-5/2+-1/3sqrt2  B=36 d=31 topcert=100  ok
   D=2 x=-5/2+1/3sqrt2  B=31 d=31 topcert=100  ok
   D=2 x=-5/2+-7/4sqrt2  B=43 d=34 topcert=100  ok
   D=2 x=-5/2+7/4sqrt2  B=38 d=38 topcert=100  ok
   D=2 x=-5/2+-3/8sqrt2  B=28 d=28 topcert=101  ok
   D=2 x=-5/2+3/8sqrt2  B=33 d=30 topcert=100  ok
   D=2 x=-3/2+-5/2sqrt2  B=22 d=22 topcert=100  ok
   D=2 x=-3/2+5/2sqrt2  B=25 d=25 topcert=100  ok
   D=2 x=-3/2+-1/3sqrt2  B=35 d=32 topcert=100  ok
