no tail through degree 100: 282 total
  on-axis (a == 0, expected finite family): 18
  off-axis but LOCK-SHORT (topcert < 100): 0
  off-axis and certified to 100: 264   <-- these matter
    D=2 x=-5/4+3sqrt(2) topcert=100 B=137 hj=[3, 136, 9, 2]
    D=2 x=-3/4+-3sqrt(2) topcert=100 B=139 hj=[-4, 2, 2, 2]
    D=2 x=-1/4+3sqrt(2) topcert=100 B=138 hj=[4, 136, 9, 2]
    D=2 x=1/4+-3sqrt(2) topcert=100 B=138 hj=[-3, 2, 2, 2]
    D=2 x=3/4+3sqrt(2) topcert=100 B=139 hj=[5, 136, 9, 2]
    D=2 x=5/4+-3sqrt(2) topcert=100 B=137 hj=[-2, 2, 2, 2]
    D=2 x=-8/5+-2/7sqrt(2) topcert=100 B=243 hj=[-2, 247, 2, 2]
    D=2 x=-8/5+3/7sqrt(2) topcert=100 B=164 hj=[0, 2, 2, 2]
    D=2 x=-7/5+-3/7sqrt(2) topcert=100 B=161 hj=[-2, 165, 2, 2]
    D=2 x=-7/5+2/7sqrt(2) topcert=100 B=246 hj=[0, 2, 2, 2]
    D=2 x=-6/5+-4/7sqrt(2) topcert=100 B=120 hj=[-2, 124, 2, 2]
    D=2 x=-6/5+1/7sqrt(2) topcert=100 B=492 hj=[0, 2, 2, 2]
    D=2 x=-4/5+-1/7sqrt(2) topcert=100 B=490 hj=[-1, 493, 2, 21]
    D=2 x=-4/5+4/7sqrt(2) topcert=100 B=122 hj=[1, 2, 2, 2]
    D=2 x=-3/5+-2/7sqrt(2) topcert=100 B=244 hj=[-1, 247, 2, 2]
    D=2 x=-3/5+3/7sqrt(2) topcert=100 B=163 hj=[1, 2, 2, 2]
    D=2 x=-2/5+-3/7sqrt(2) topcert=100 B=162 hj=[-1, 165, 2, 2]
    D=2 x=-2/5+2/7sqrt(2) topcert=100 B=245 hj=[1, 2, 2, 2]
    D=2 x=-1/5+-4/7sqrt(2) topcert=100 B=121 hj=[-1, 124, 2, 2]
    D=2 x=-1/5+1/7sqrt(2) topcert=100 B=491 hj=[1, 2, 2, 2]
    D=2 x=1/5+-1/7sqrt(2) topcert=100 B=491 hj=[0, 493, 2, 21]
    D=2 x=1/5+4/7sqrt(2) topcert=100 B=121 hj=[2, 2, 2, 2]
    D=2 x=2/5+-2/7sqrt(2) topcert=100 B=245 hj=[0, 247, 2, 2]
    D=2 x=2/5+3/7sqrt(2) topcert=100 B=162 hj=[2, 2, 2, 2]
    D=2 x=3/5+-3/7sqrt(2) topcert=100 B=163 hj=[0, 165, 2, 2]
    D=2 x=3/5+2/7sqrt(2) topcert=100 B=244 hj=[2, 2, 2, 2]
    D=2 x=4/5+-4/7sqrt(2) topcert=100 B=122 hj=[0, 124, 2, 2]
    D=2 x=4/5+1/7sqrt(2) topcert=100 B=490 hj=[2, 2, 2, 2]
    D=2 x=6/5+-1/7sqrt(2) topcert=100 B=492 hj=[1, 493, 2, 21]
    D=2 x=6/5+4/7sqrt(2) topcert=100 B=120 hj=[3, 2, 2, 2]
    D=2 x=7/5+-2/7sqrt(2) topcert=100 B=246 hj=[1, 247, 2, 2]
    D=2 x=7/5+3/7sqrt(2) topcert=100 B=161 hj=[3, 2, 2, 2]
    D=2 x=8/5+-3/7sqrt(2) topcert=100 B=164 hj=[1, 165, 2, 2]
    D=2 x=8/5+2/7sqrt(2) topcert=100 B=243 hj=[3, 2, 2, 2]
    D=2 x=-7/6+-2sqrt(2) topcert=100 B=206 hj=[-3, 2, 2, 2]
    D=2 x=-5/6+2sqrt(2) topcert=100 B=204 hj=[2, 204, 6, 3]
    D=2 x=-1/6+-2sqrt(2) topcert=100 B=205 hj=[-2, 2, 2, 2]
    D=2 x=1/6+2sqrt(2) topcert=100 B=205 hj=[3, 204, 6, 3]
    D=2 x=5/6+-2sqrt(2) topcert=100 B=204 hj=[-1, 2, 2, 2]
    D=2 x=7/6+2sqrt(2) topcert=100 B=206 hj=[4, 204, 6, 3]
